
Plover
1.0.1

B

framework
koa
es6

123
123

<h1>hello world</h1>
<h1>hello world</h1>

123
123

124

namePlover
version0.1.0

<div class="item-{{ id }}">
  a={{ a }}, b={{ b }}
</div>

123å…ƒ

0
1
2
3
4

1
3
5
7
9

2
